2025-07-02 21:20:22 - Latest system report
System uptime :
	 21:20:22 up  7:36,  1 user,  load average: 0.90, 0.98, 1.18
Total RAM Useage:
               total        used        free      shared  buff/cache   available
Mem:            15Gi       6.1Gi       5.9Gi       918Mi       4.6Gi       9.3Gi
Swap:          4.0Gi          0B       4.0Gi
Total Disk Useage:
Filesystem      Size  Used Avail Use% Mounted on
dev             7.7G     0  7.7G   0% /dev
run             7.7G  2.1M  7.7G   1% /run
efivarfs        268K  224K   40K  85% /sys/firmware/efi/efivars
/dev/nvme0n1p6   98G   90G  3.0G  97% /
tmpfs           7.7G   50M  7.7G   1% /dev/shm
tmpfs           1.0M     0  1.0M   0% /run/credentials/systemd-journald.service
tmpfs           7.7G   12M  7.7G   1% /tmp
/dev/nvme0n1p5  799M  229M  570M  29% /boot
tmpfs           1.6G  328K  1.6G   1% /run/user/1000
3 Most CPU-hogging processes:
    PID COMMAND         %CPU
  48357 code             8.4
  48311 code             8.3
   2520 firefox          5.7
2025-07-02 21:20:39 - Latest system report
System uptime :
	 21:20:39 up  7:36,  1 user,  load average: 0.79, 0.95, 1.16
Total RAM Useage:
               total        used        free      shared  buff/cache   available
Mem:            15Gi       6.1Gi       5.9Gi       923Mi       4.6Gi       9.2Gi
Swap:          4.0Gi          0B       4.0Gi
Total Disk Useage:
Filesystem      Size  Used Avail Use% Mounted on
dev             7.7G     0  7.7G   0% /dev
run             7.7G  2.1M  7.7G   1% /run
efivarfs        268K  224K   40K  85% /sys/firmware/efi/efivars
/dev/nvme0n1p6   98G   90G  3.0G  97% /
tmpfs           7.7G   49M  7.7G   1% /dev/shm
tmpfs           1.0M     0  1.0M   0% /run/credentials/systemd-journald.service
tmpfs           7.7G   12M  7.7G   1% /tmp
/dev/nvme0n1p5  799M  229M  570M  29% /boot
tmpfs           1.6G  328K  1.6G   1% /run/user/1000
3 Most CPU-hogging processes:
    PID COMMAND         %CPU
  48357 code             8.5
  48311 code             8.4
   2520 firefox          5.7
2025-07-02 21:21:51-############################################################
 Latest system report
System uptime :
	 21:21:51 up  7:37,  1 user,  load average: 0.67, 0.89, 1.12
Total RAM Useage:
               total        used        free      shared  buff/cache   available
Mem:            15Gi       6.0Gi       6.0Gi       910Mi       4.5Gi       9.4Gi
Swap:          4.0Gi          0B       4.0Gi
Total Disk Useage:
Filesystem      Size  Used Avail Use% Mounted on
dev             7.7G     0  7.7G   0% /dev
run             7.7G  2.1M  7.7G   1% /run
efivarfs        268K  224K   40K  85% /sys/firmware/efi/efivars
/dev/nvme0n1p6   98G   90G  3.0G  97% /
tmpfs           7.7G   51M  7.7G   1% /dev/shm
tmpfs           1.0M     0  1.0M   0% /run/credentials/systemd-journald.service
tmpfs           7.7G   12M  7.7G   1% /tmp
/dev/nvme0n1p5  799M  229M  570M  29% /boot
tmpfs           1.6G  332K  1.6G   1% /run/user/1000
3 Most CPU-hogging processes:
    PID COMMAND         %CPU
  48357 code             9.0
  48311 code             8.5
   2520 firefox          5.7
2025-07-02 21:21:58-############################################################
 Latest system report
System uptime :
	 21:21:58 up  7:37,  1 user,  load average: 0.78, 0.90, 1.13
Total RAM Useage:
               total        used        free      shared  buff/cache   available
Mem:            15Gi       6.0Gi       6.0Gi       941Mi       4.6Gi       9.3Gi
Swap:          4.0Gi          0B       4.0Gi
Total Disk Useage:
Filesystem      Size  Used Avail Use% Mounted on
dev             7.7G     0  7.7G   0% /dev
run             7.7G  2.1M  7.7G   1% /run
efivarfs        268K  224K   40K  85% /sys/firmware/efi/efivars
/dev/nvme0n1p6   98G   90G  3.0G  97% /
tmpfs           7.7G   61M  7.7G   1% /dev/shm
tmpfs           1.0M     0  1.0M   0% /run/credentials/systemd-journald.service
tmpfs           7.7G   12M  7.7G   1% /tmp
/dev/nvme0n1p5  799M  229M  570M  29% /boot
tmpfs           1.6G  332K  1.6G   1% /run/user/1000
3 Most CPU-hogging processes:
    PID COMMAND         %CPU
  48357 code             9.1
  48311 code             8.6
   2520 firefox          5.7
2025-07-02 21:22:47-############################################################
Latest system report
System uptime :
	 21:22:47 up  7:38,  1 user,  load average: 1.34, 1.03, 1.16
Total RAM Useage:
               total        used        free      shared  buff/cache   available
Mem:            15Gi       5.9Gi       6.1Gi       923Mi       4.6Gi       9.4Gi
Swap:          4.0Gi          0B       4.0Gi
Total Disk Useage:
Filesystem      Size  Used Avail Use% Mounted on
dev             7.7G     0  7.7G   0% /dev
run             7.7G  2.1M  7.7G   1% /run
efivarfs        268K  224K   40K  85% /sys/firmware/efi/efivars
/dev/nvme0n1p6   98G   90G  3.0G  97% /
tmpfs           7.7G   51M  7.7G   1% /dev/shm
tmpfs           1.0M     0  1.0M   0% /run/credentials/systemd-journald.service
tmpfs           7.7G   12M  7.7G   1% /tmp
/dev/nvme0n1p5  799M  229M  570M  29% /boot
tmpfs           1.6G  332K  1.6G   1% /run/user/1000
3 Most CPU-hogging processes:
    PID COMMAND         %CPU
  48357 code             9.5
  48311 code             8.6
   2520 firefox          5.7

